---
TQ_explain:
TQ_extra_instructions:
TQ_short_mode:
TQ_show_backlink:
TQ_show_cancelled_date:
TQ_show_created_date:
TQ_show_depends_on:
TQ_show_done_date:
TQ_show_due_date:
TQ_show_edit_button:
TQ_show_id:
TQ_show_on_completion:
TQ_show_postpone_button:
TQ_show_priority:
TQ_show_recurrence_rule:
TQ_show_scheduled_date:
TQ_show_start_date:
TQ_show_tags:
TQ_show_task_count:
TQ_show_tree:
TQ_show_urgency:
---
